// Jest Snapshot v1, https://goo.gl/fbAQLP

exports[`Share renders successfully when the lottie is not found 1`] = `
<div>
  <div>
    Lottie not found.
  </div>
</div>
`;

exports[`Share renders successfully when there is a lottie 1`] = `
<div>
  <div>
    Slug: 
    IDxl4QWcIVEWAtVTcF6ID
    <br />
    Url: 
    http://localhost:3001/local_file_store/IDxl4QWcIVEWAtVTcF6ID.json
    <br />
    Created At: 
    Thu Jul 25 53647 16:31:44 GMT+0000
    <br />
    Last Updated At: 
    Thu Jul 25 53647 16:31:44 GMT+0000
  </div>
</div>
`;
