// Jest Snapshot v1, https://goo.gl/fbAQLP

exports[`Home matches the snapshot 1`] = `
<div>
  Hello world.
  <p
    className="flex justify-center"
  >
    This page is using tailwindcss.
  </p>
  <p>
    This message was fetched from the graphql API on the server side: 
    Hello from Apollo.
  </p>
  <p>
    This message was fetched from the graphql API on the client side: 
    loading
  </p>
</div>
`;
