// Jest Snapshot v1, https://goo.gl/fbAQLP

exports[`Resolvers runs the home query successfully 1`] = `
Object {
  "data": Object {
    "hello": Object {
      "message": "Hello from Apollo.",
    },
  },
  "errors": undefined,
  "extensions": undefined,
  "http": Object {
    "headers": Headers {
      Symbol(map): Object {},
    },
  },
}
`;
